// Jest Snapshot v1, https://goo.gl/fbAQLP

exports[`rendering 1`] = `
<styled.footer>
  <styled.span>
    <span
      aria-label="Copyright"
      role="img"
    >
      Â©
    </span>
     
    2018 Jia Hao Goh. Modified by Jonathan Mares.
  </styled.span>
  <styled.a
    href="https://github.com/jm2242/jiahao.codes"
    rel="noopener"
    target="_blank"
    title="Source code for this website"
  >
    <GithubIcon
      width="20px"
    />
  </styled.a>
</styled.footer>
`;
