// Jest Snapshot v1, https://goo.gl/fbAQLP

exports[`rendering 1`] = `
<styled.header>
  <nav>
    <styled.ul>
      <styled.li
        shouldGrow={true}
      >
        <Styled(GatsbyLink)
          to="/"
        >
          <styled.h3
            active={false}
          >
            Home
          </styled.h3>
        </Styled(GatsbyLink)>
      </styled.li>
      <styled.li>
        <Styled(GatsbyLink)
          to="/about"
        >
          <styled.h3
            active={false}
          >
            About
          </styled.h3>
        </Styled(GatsbyLink)>
      </styled.li>
    </styled.ul>
  </nav>
</styled.header>
`;
