// Jest Snapshot v1, https://goo.gl/fbAQLP

exports[`rendering 1`] = `
<div>
  <styled.h1>
    Latest Posts
  </styled.h1>
  <TopDivider />
  <div>
    <PostList
      posts={Array []}
    />
  </div>
</div>
`;
