// Jest Snapshot v1, https://goo.gl/fbAQLP

exports[`rendering 1`] = `
<div>
  <styled.h1>
    title
  </styled.h1>
  <styled.p
    dangerouslySetInnerHTML={
      Object {
        "__html": "excerpt",
      }
    }
  />
  <styled.p>
    <small>
      date
    </small>
  </styled.p>
  <Styled(Image)
    alt="title"
    sizes={
      Object {
        "sizes": "something",
      }
    }
  />
  <div
    dangerouslySetInnerHTML={
      Object {
        "__html": "<div>some html</div>",
      }
    }
  />
  <hr />
  <p>
    <GatsbyLink
      to="/about"
    >
      Iâ€™m
    </GatsbyLink>
     Jonathan Mares, 
    I'm
     a software engineer in Washington, DC. Follow me on
     
    <a
      href="https://twitter.com/jmares93"
      rel="noopener noreferrer"
    >
      Twitter
    </a>
    !
  </p>
</div>
`;
