// Jest Snapshot v1, https://goo.gl/fbAQLP

exports[`exports 1`] = `
Object {
  "markdownFrontmatterFragment": Array [
    "
  fragment MarkdownFrontmatterFragment on MarkdownRemark {
    frontmatter {
      path
      title
      tags
      excerpt
      date(formatString: \\"MMMM DD, YYYY\\")
    }
  }
",
  ],
  "markdownFrontmatterWithCoverFragment": Array [
    "
  fragment MarkdownFrontmatterWithCoverFragment on MarkdownRemark {
    frontmatter {
      path
      title
      excerpt
      date(formatString: \\"MMMM DD, YYYY\\")
      cover {
        childImageSharp {
          sizes(maxWidth: 800) {
            ...GatsbyImageSharpSizes
          }
        }
      }
    }
  }
",
  ],
  "markdownMetadataFragment": Array [
    "
  fragment MarkdownMetadataFragment on MarkdownRemark {
    html
    excerpt
    timeToRead
  }
",
  ],
  "siteFragment": Array [
    "
  fragment SiteFragment on RootQueryType {
    site {
      siteMetadata {
        siteUrl
        title
        author
        description
        facebookAppId
        twitterUser
        social {
          githubUrl
          keybaseUrl
          linkedInUrl
          twitterUrl
        }
      }
    }
  }
",
  ],
}
`;
